::1 - - [18/Aug/2026:07:00:59 +0000] "GET /api/task/fetch HTTP/1.1" 200 3695 "-" "PostmanRuntime/7.56.1"
::1 - - [18/Aug/2026:07:22:12 +0000] "POST /api/task/create HTTP/1.1" 201 287 "-" "PostmanRuntime/7.56.1"
::1 - - [18/Aug/2026:07:22:23 +0000] "POST /api/task/create HTTP/1.1" 201 287 "-" "PostmanRuntime/7.56.1"
::1 - - [18/Aug/2026:07:22:56 +0000] "POST /api/task/create HTTP/1.1" 201 287 "-" "PostmanRuntime/7.56.1"
::1 - - [18/Aug/2026:07:33:08 +0000] "POST /api/task/create HTTP/1.1" 400 196 "-" "PostmanRuntime/7.56.1"
::1 - - [18/Aug/2026:07:33:42 +0000] "POST /api/task/create HTTP/1.1" 400 196 "-" "PostmanRuntime/7.56.1"
::1 - - [18/Aug/2026:07:42:26 +0000] "POST /api/task/create HTTP/1.1" 400 196 "-" "PostmanRuntime/7.56.1"
::1 - - [18/Aug/2026:07:49:29 +0000] "POST /api/task/create HTTP/1.1" 201 286 "-" "PostmanRuntime/7.56.1"
::1 - - [18/Aug/2026:08:12:07 +0000] "POST /api/task/create HTTP/1.1" 201 286 "-" "PostmanRuntime/7.56.1"
::1 - - [18/Aug/2026:08:13:00 +0000] "POST /api/task/create HTTP/1.1" 502 143 "-" "PostmanRuntime/7.56.1"
::1 - - [18/Aug/2026:09:21:40 +0000] "POST /api/task/create HTTP/1.1" 201 286 "-" "PostmanRuntime/7.56.1"
::1 - - [18/Aug/2026:09:22:06 +0000] "POST /api/task/creates HTTP/1.1" 400 109 "-" "PostmanRuntime/7.56.1"
::1 - - [18/Aug/2026:09:23:13 +0000] "GET /api/task/fetch?limit=10&page=1&order=asc HTTP/1.1" 200 5030 "-" "PostmanRuntime/7.56.1"
::1 - - [18/Aug/2026:09:23:22 +0000] "GET /api/task/fetch?limit=aca&page=1&order=asc HTTP/1.1" 200 5030 "-" "PostmanRuntime/7.56.1"
::1 - - [18/Aug/2026:09:23:33 +0000] "GET /api/task/fetch?limit=aca&page=1&order=asc HTTP/1.1" 200 5030 "-" "PostmanRuntime/7.56.1"
::1 - - [18/Aug/2026:09:25:01 +0000] "POST /api/task/create HTTP/1.1" 400 198 "-" "PostmanRuntime/7.56.1"
::1 - - [18/Aug/2026:09:25:21 +0000] "POST /api/task/creates HTTP/1.1" 400 109 "-" "PostmanRuntime/7.56.1"
::1 - - [18/Aug/2026:09:25:52 +0000] "GET /api/task/fetch?limit=aca&page=1&order=asc HTTP/1.1" 200 5030 "-" "PostmanRuntime/7.56.1"
::1 - - [18/Aug/2026:09:31:27 +0000] "GET /api/task/fetch?limit=aca&page=1&order=asc HTTP/1.1" 200 5030 "-" "PostmanRuntime/7.56.1"
::1 - - [18/Aug/2026:09:32:00 +0000] "GET /api/task/fetch?limit=d&page=1&order=asc HTTP/1.1" 200 5030 "-" "PostmanRuntime/7.56.1"
::1 - - [18/Aug/2026:09:35:19 +0000] "GET /api/task/fetch?limit=d&page=1&order=asc HTTP/1.1" 502 169 "-" "PostmanRuntime/7.56.1"
::1 - - [18/Aug/2026:14:35:32 +0000] "POST /api/user/registers HTTP/1.1" 400 109 "-" "PostmanRuntime/7.56.1"
::1 - - [19/Aug/2026:07:03:45 +0000] "GET /api/task/fetch?limit=dda&page=1&order=asc HTTP/1.1" 400 171 "-" "PostmanRuntime/7.56.1"
::1 - - [19/Aug/2026:07:33:47 +0000] "GET /api/task/fetch?limit=dda&page=1&order=asc HTTP/1.1" 400 171 "-" "PostmanRuntime/7.56.1"
::1 - - [19/Aug/2026:07:33:49 +0000] "GET /api/task/fetch HTTP/1.1" 200 62 "-" "PostmanRuntime/7.56.1"
::1 - - [19/Aug/2026:07:33:52 +0000] "GET /api/task/fetch HTTP/1.1" 200 62 "-" "PostmanRuntime/7.56.1"
::1 - - [19/Aug/2026:07:34:05 +0000] "GET /api/task/fetch HTTP/1.1" 200 5030 "-" "PostmanRuntime/7.56.1"
::1 - - [19/Aug/2026:07:34:23 +0000] "DELETE /api/task/delete HTTP/1.1" 200 98 "-" "PostmanRuntime/7.56.1"
::1 - - [19/Aug/2026:07:34:33 +0000] "DELETE /api/task/delete HTTP/1.1" 200 98 "-" "PostmanRuntime/7.56.1"
::1 - - [19/Aug/2026:07:34:54 +0000] "GET /api/task/fetch HTTP/1.1" 200 4586 "-" "PostmanRuntime/7.56.1"
::1 - - [19/Aug/2026:07:35:01 +0000] "DELETE /api/task/delete HTTP/1.1" 200 98 "-" "PostmanRuntime/7.56.1"
::1 - - [19/Aug/2026:07:45:16 +0000] "POST /api/user/registers HTTP/1.1" 400 109 "-" "PostmanRuntime/7.56.1"
::1 - - [19/Aug/2026:07:45:36 +0000] "POST /api/user/registers HTTP/1.1" 400 109 "-" "PostmanRuntime/7.56.1"
::1 - - [19/Aug/2026:07:45:52 +0000] "POST /api/user/registers HTTP/1.1" 400 109 "-" "PostmanRuntime/7.56.1"
::1 - - [19/Aug/2026:07:46:12 +0000] "POST /api/user/register HTTP/1.1" 400 109 "-" "PostmanRuntime/7.56.1"
::1 - - [19/Aug/2026:07:47:38 +0000] "POST /api/user/register HTTP/1.1" 201 253 "-" "PostmanRuntime/7.56.1"
::1 - - [19/Aug/2026:07:49:54 +0000] "POST /api/user/register HTTP/1.1" 201 253 "-" "PostmanRuntime/7.56.1"
::1 - - [19/Aug/2026:07:50:08 +0000] "POST /api/task/creates HTTP/1.1" 400 71 "-" "PostmanRuntime/7.56.1"
::1 - - [19/Aug/2026:07:50:19 +0000] "POST /api/task/creates HTTP/1.1" 400 71 "-" "PostmanRuntime/7.56.1"
::1 - - [19/Aug/2026:07:52:45 +0000] "POST /api/task/create HTTP/1.1" 400 198 "-" "PostmanRuntime/7.56.1"
::1 - - [19/Aug/2026:07:53:19 +0000] "POST /api/user/register HTTP/1.1" 201 249 "-" "PostmanRuntime/7.56.1"
::1 - - [19/Aug/2026:07:54:24 +0000] "POST /api/user/register HTTP/1.1" 201 249 "-" "PostmanRuntime/7.56.1"
::1 - - [19/Aug/2026:07:54:45 +0000] "POST /api/user/register HTTP/1.1" 201 249 "-" "PostmanRuntime/7.56.1"
::1 - - [19/Aug/2026:07:54:58 +0000] "POST /api/user/register HTTP/1.1" 201 249 "-" "PostmanRuntime/7.56.1"
::1 - - [19/Aug/2026:07:55:52 +0000] "POST /api/user/register HTTP/1.1" 201 249 "-" "PostmanRuntime/7.56.1"
::1 - - [19/Aug/2026:07:56:32 +0000] "POST /api/user/register HTTP/1.1" 201 249 "-" "PostmanRuntime/7.56.1"
::1 - - [19/Aug/2026:07:56:37 +0000] "POST /api/user/register HTTP/1.1" 201 249 "-" "PostmanRuntime/7.56.1"
::1 - - [19/Aug/2026:08:00:09 +0000] "POST /api/user/register HTTP/1.1" 502 133 "-" "PostmanRuntime/7.56.1"
::1 - - [19/Aug/2026:08:03:18 +0000] "POST /api/task/create HTTP/1.1" 201 286 "-" "PostmanRuntime/7.56.1"
::1 - - [19/Aug/2026:08:03:42 +0000] "POST /api/task/create HTTP/1.1" 201 286 "-" "PostmanRuntime/7.56.1"
::1 - - [19/Aug/2026:08:03:54 +0000] "POST /api/task/create HTTP/1.1" 201 286 "-" "PostmanRuntime/7.56.1"
::1 - - [19/Aug/2026:08:04:56 +0000] "POST /api/task/create HTTP/1.1" 400 338 "-" "PostmanRuntime/7.56.1"
::1 - - [19/Aug/2026:08:05:30 +0000] "POST /api/task/create HTTP/1.1" 400 338 "-" "PostmanRuntime/7.56.1"
::1 - - [19/Aug/2026:08:05:49 +0000] "POST /api/task/create HTTP/1.1" 400 201 "-" "PostmanRuntime/7.56.1"
::1 - - [19/Aug/2026:08:43:02 +0000] "POST /api/task/create HTTP/1.1" 400 201 "-" "PostmanRuntime/7.56.1"
::1 - - [19/Aug/2026:08:43:47 +0000] "POST /api/task/create HTTP/1.1" 400 201 "-" "PostmanRuntime/7.56.1"
::1 - - [19/Aug/2026:08:44:39 +0000] "POST /api/task/create HTTP/1.1" 400 201 "-" "PostmanRuntime/7.56.1"
::1 - - [19/Aug/2026:08:45:18 +0000] "POST /api/user/register HTTP/1.1" 400 228 "-" "PostmanRuntime/7.56.1"
::1 - - [19/Aug/2026:08:45:39 +0000] "POST /api/user/register HTTP/1.1" 400 228 "-" "PostmanRuntime/7.56.1"
::1 - - [21/Aug/2026:03:47:18 +0000] "GET /api/task/fetch?limit=2&page=1&order=asc HTTP/1.1" 200 545 "-" "PostmanRuntime/7.56.1"
::1 - - [21/Aug/2026:03:47:29 +0000] "GET /api/task/fetch?limit=2&page=2&order=asc HTTP/1.1" 200 528 "-" "PostmanRuntime/7.56.1"
::1 - - [21/Aug/2026:03:47:35 +0000] "GET /api/task/fetch?limit=2&page=3&order=asc HTTP/1.1" 200 520 "-" "PostmanRuntime/7.56.1"
::1 - - [21/Aug/2026:04:00:41 +0000] "GET /api/task/fetch?limit=2&page=3&order=asc HTTP/1.1" 502 119 "-" "PostmanRuntime/7.56.1"
::1 - - [21/Aug/2026:04:01:13 +0000] "GET /api/task/fetch?limit=2&page=3&order=asc HTTP/1.1" 502 119 "-" "PostmanRuntime/7.56.1"
::1 - - [21/Aug/2026:04:01:35 +0000] "GET /api/task/fetch?limit=2&page=2&order=asc HTTP/1.1" 502 119 "-" "PostmanRuntime/7.56.1"
::1 - - [21/Aug/2026:04:01:43 +0000] "GET /api/task/fetch?limit=2&page=2&order=ascd HTTP/1.1" 400 178 "-" "PostmanRuntime/7.56.1"
::1 - - [21/Aug/2026:04:01:54 +0000] "GET /api/task/fetch?limit=2&page=2&orders=asc HTTP/1.1" 502 119 "-" "PostmanRuntime/7.56.1"
::1 - - [21/Aug/2026:04:02:06 +0000] "GET /api/task/fetch?limit=2&page=2&order=asc HTTP/1.1" 502 119 "-" "PostmanRuntime/7.56.1"
::1 - - [21/Aug/2026:04:03:20 +0000] "GET /api/task/fetch?limit=2&page=2&order=asc HTTP/1.1" 502 119 "-" "PostmanRuntime/7.56.1"
::1 - - [21/Aug/2026:04:04:25 +0000] "GET /api/task/fetch?limit=2&page=1&order=asc HTTP/1.1" 502 119 "-" "PostmanRuntime/7.56.1"
::1 - - [21/Aug/2026:04:07:10 +0000] "GET /api/task/fetch?limit=2&page=1&order=asc HTTP/1.1" 200 1012 "-" "PostmanRuntime/7.56.1"
::1 - - [21/Aug/2026:04:07:47 +0000] "GET /api/task/fetch/?2&page=11&order=asc} HTTP/1.1" 400 178 "-" "PostmanRuntime/7.56.1"
::1 - - [21/Aug/2026:04:07:53 +0000] "GET /api/task/fetch/?2&page=11&order=asc HTTP/1.1" 200 2756 "-" "PostmanRuntime/7.56.1"
::1 - - [21/Aug/2026:04:09:17 +0000] "GET /api/task/fetch/?2&page=1&order=asc HTTP/1.1" 200 2843 "-" "PostmanRuntime/7.56.1"
::1 - - [21/Aug/2026:04:09:31 +0000] "GET /api/task/fetch/?2&page=2&order=asc HTTP/1.1" 200 2813 "-" "PostmanRuntime/7.56.1"
::1 - - [21/Aug/2026:04:09:36 +0000] "GET /api/task/fetch/?2&page=5&order=asc HTTP/1.1" 200 2782 "-" "PostmanRuntime/7.56.1"
::1 - - [21/Aug/2026:04:10:34 +0000] "GET /api/task/fetch/?2&page=3&order=asc HTTP/1.1" 200 2799 "-" "PostmanRuntime/7.56.1"
::1 - - [21/Aug/2026:06:24:41 +0000] "GET /api/task/fetch/?2&page=3&order=asc HTTP/1.1" 200 2794 "-" "PostmanRuntime/7.56.1"
::1 - - [21/Aug/2026:06:26:01 +0000] "GET /api/task/fetch/?2&page=3&order=asc HTTP/1.1" 200 2789 "-" "PostmanRuntime/7.56.1"
::1 - - [21/Aug/2026:06:26:44 +0000] "GET /api/task/fetch/?2&page=3&order=asc HTTP/1.1" 200 2789 "-" "PostmanRuntime/7.56.1"
::1 - - [21/Aug/2026:06:28:23 +0000] "GET /api/task/fetch/?2&page=3&order=asc HTTP/1.1" 200 2789 "-" "PostmanRuntime/7.56.1"
::1 - - [21/Aug/2026:06:29:59 +0000] "GET /api/task/fetch/?2&page=3&order=asc HTTP/1.1" 200 2789 "-" "PostmanRuntime/7.56.1"
::1 - - [21/Aug/2026:06:33:57 +0000] "GET /api/task/fetch/?2&page=3&order=asc HTTP/1.1" 200 2789 "-" "PostmanRuntime/7.56.1"
::1 - - [21/Aug/2026:06:35:26 +0000] "GET /api/task/fetch/?2&page=3&order=asc HTTP/1.1" 502 119 "-" "PostmanRuntime/7.56.1"
::1 - - [21/Aug/2026:06:35:36 +0000] "GET /api/task/fetch/?2&page=3&order=asc HTTP/1.1" 200 2789 "-" "PostmanRuntime/7.56.1"
::1 - - [21/Aug/2026:06:38:51 +0000] "GET /api/task/fetch/?2&page=3&order=asc HTTP/1.1" 200 2819 "-" "PostmanRuntime/7.56.1"
::1 - - [21/Aug/2026:06:39:43 +0000] "GET /api/task/fetch/?2&page=3&order=asc HTTP/1.1" 200 2816 "-" "PostmanRuntime/7.56.1"
::1 - - [21/Aug/2026:06:40:36 +0000] "GET /api/task/fetch/?2&page=3&order=asc HTTP/1.1" 200 2816 "-" "PostmanRuntime/7.56.1"
::1 - - [21/Aug/2026:06:41:19 +0000] "GET /api/task/fetch/?2&page=3&order=asc HTTP/1.1" 500 911 "-" "PostmanRuntime/7.56.1"
::1 - - [21/Aug/2026:06:41:32 +0000] "GET /api/task/fetch/?2&page=3&order=asc HTTP/1.1" 200 2816 "-" "PostmanRuntime/7.56.1"
::1 - - [21/Aug/2026:06:41:53 +0000] "GET /api/task/fetch/?2&page=3&order=asc HTTP/1.1" 200 2816 "-" "PostmanRuntime/7.56.1"
::1 - - [21/Aug/2026:06:42:05 +0000] "GET /api/task/fetch/?2&page=3&order=asc HTTP/1.1" 200 2816 "-" "PostmanRuntime/7.56.1"
::1 - - [21/Aug/2026:06:42:28 +0000] "GET /api/task/fetch/?2&page=3&order=asc HTTP/1.1" 200 2816 "-" "PostmanRuntime/7.56.1"
::1 - - [21/Aug/2026:06:46:27 +0000] "GET /api/task/fetch/?10&page=3&order=asc HTTP/1.1" 200 2816 "-" "PostmanRuntime/7.56.1"
::1 - - [21/Aug/2026:06:47:19 +0000] "GET /api/task/fetch?limit=2&page=3&order=asc HTTP/1.1" 200 1004 "-" "PostmanRuntime/7.56.1"
::1 - - [21/Aug/2026:06:48:11 +0000] "GET /api/task/fetch?limit=5&page=3&order=asc HTTP/1.1" 200 1693 "-" "PostmanRuntime/7.56.1"
::1 - - [21/Aug/2026:06:49:17 +0000] "GET /api/task/fetch? HTTP/1.1" 200 2855 "-" "PostmanRuntime/7.56.1"
::1 - - [21/Aug/2026:06:50:49 +0000] "GET /api/task/fetch? HTTP/1.1" 200 2855 "-" "PostmanRuntime/7.56.1"
::1 - - [21/Aug/2026:06:53:27 +0000] "GET /api/task/fetch? HTTP/1.1" 200 1717 "-" "PostmanRuntime/7.56.1"
::1 - - [21/Aug/2026:06:57:23 +0000] "GET /api/task/fetch?limit=5&page=1&order=asc HTTP/1.1" 200 1719 "-" "PostmanRuntime/7.56.1"
::1 - - [21/Aug/2026:06:57:37 +0000] "GET /api/task/fetch?limit=5&page=1&order=dsc HTTP/1.1" 200 1693 "-" "PostmanRuntime/7.56.1"
::1 - - [21/Aug/2026:06:57:53 +0000] "GET /api/task/fetch?limit=5&page=1&order=acs HTTP/1.1" 400 177 "-" "PostmanRuntime/7.56.1"
::1 - - [21/Aug/2026:06:57:59 +0000] "GET /api/task/fetch?limit=5&page=1&order=asc HTTP/1.1" 200 1719 "-" "PostmanRuntime/7.56.1"
::1 - - [21/Aug/2026:07:00:38 +0000] "GET /api/task/fetch?limit=5&page=1&order=asc HTTP/1.1" 200 1719 "-" "PostmanRuntime/7.56.1"
::1 - - [21/Aug/2026:07:01:17 +0000] "GET /api/task/fetch?limit=5&page=1&order=asc HTTP/1.1" 200 1732 "-" "PostmanRuntime/7.56.1"
::1 - - [21/Aug/2026:07:02:38 +0000] "GET /api/task/fetch?limit=5&page=1&order=asc HTTP/1.1" 200 519 "-" "PostmanRuntime/7.56.1"
::1 - - [21/Aug/2026:07:03:40 +0000] "GET /api/task/fetch?limit=5&page=1&order=asc HTTP/1.1" 200 1237 "-" "PostmanRuntime/7.56.1"
::1 - - [21/Aug/2026:07:03:58 +0000] "GET /api/task/fetch?limit=5&page=4&order=asc HTTP/1.1" 200 1208 "-" "PostmanRuntime/7.56.1"
::1 - - [21/Aug/2026:07:04:03 +0000] "GET /api/task/fetch?limit=5&page=10&order=asc HTTP/1.1" 200 1159 "-" "PostmanRuntime/7.56.1"
::1 - - [21/Aug/2026:07:05:18 +0000] "GET /api/task/fetch?limit=5&page=10&order=asc HTTP/1.1" 200 1635 "-" "PostmanRuntime/7.56.1"
::1 - - [21/Aug/2026:07:05:40 +0000] "GET /api/task/fetch?limit=5&page=5&order=asc HTTP/1.1" 200 1683 "-" "PostmanRuntime/7.56.1"
::1 - - [21/Aug/2026:07:05:47 +0000] "GET /api/task/fetch?limit=2&page=5&order=asc HTTP/1.1" 200 998 "-" "PostmanRuntime/7.56.1"
::1 - - [21/Aug/2026:07:09:33 +0000] "GET /api/task/fetch?limit=2&page=5&order=asc HTTP/1.1" 200 994 "-" "PostmanRuntime/7.56.1"
::1 - - [21/Aug/2026:07:25:44 +0000] "GET /api/task/fetch? HTTP/1.1" 200 1682 "-" "PostmanRuntime/7.56.1"
::1 - - [21/Aug/2026:07:25:54 +0000] "GET /api/task/fetch?limit=2&page=5&order=asc HTTP/1.1" 200 994 "-" "PostmanRuntime/7.56.1"
::1 - - [21/Aug/2026:07:41:34 +0000] "POST /api/task/create HTTP/1.1" 201 286 "-" "PostmanRuntime/7.56.1"
::1 - - [25/Aug/2026:01:54:50 +0000] "POST /api/user/register HTTP/1.1" 400 229 "-" "PostmanRuntime/7.56.1"
::1 - - [25/Aug/2026:01:55:09 +0000] "POST /api/user/register HTTP/1.1" 201 148 "-" "PostmanRuntime/7.56.1"
::1 - - [25/Aug/2026:01:55:35 +0000] "POST /api/user/register HTTP/1.1" 400 115 "-" "PostmanRuntime/7.56.1"
::1 - - [25/Aug/2026:03:27:36 +0000] "POST /api/login HTTP/1.1" 400 1149 "-" "PostmanRuntime/7.56.1"
::1 - - [25/Aug/2026:03:30:21 +0000] "GET /api/task/fetch?limit=2&page=1&order=asc HTTP/1.1" 200 995 "-" "PostmanRuntime/7.56.1"
::1 - - [25/Aug/2026:03:32:08 +0000] "POST /api/login HTTP/1.1" 400 1149 "-" "PostmanRuntime/7.56.1"
::1 - - [25/Aug/2026:03:37:42 +0000] "POST /api/login HTTP/1.1" 400 1149 "-" "PostmanRuntime/7.56.1"
::1 - - [25/Aug/2026:03:38:01 +0000] "POST /api/login HTTP/1.1" 400 1149 "-" "PostmanRuntime/7.56.1"
::1 - - [25/Aug/2026:03:39:21 +0000] "POST /api/login HTTP/1.1" 400 1149 "-" "PostmanRuntime/7.56.1"
::1 - - [25/Aug/2026:03:53:12 +0000] "POST /api/login HTTP/1.1" 200 351 "-" "PostmanRuntime/7.56.1"
::1 - - [26/Aug/2026:02:23:32 +0000] "POST /api/task/create HTTP/1.1" 403 128 "-" "PostmanRuntime/7.56.1"
::1 - - [26/Aug/2026:02:24:44 +0000] "POST /api/login HTTP/1.1" 200 351 "-" "PostmanRuntime/7.56.1"
::1 - - [26/Aug/2026:02:25:46 +0000] "POST /api/task/create HTTP/1.1" 400 211 "-" "PostmanRuntime/7.56.1"
::1 - - [26/Aug/2026:02:26:33 +0000] "POST /api/task/create HTTP/1.1" 400 211 "-" "PostmanRuntime/7.56.1"
::1 - - [26/Aug/2026:02:28:46 +0000] "POST /api/task/create HTTP/1.1" 400 211 "-" "PostmanRuntime/7.56.1"
::1 - - [26/Aug/2026:02:29:48 +0000] "POST /api/task/create HTTP/1.1" 400 211 "-" "PostmanRuntime/7.56.1"
::1 - - [26/Aug/2026:02:39:36 +0000] "POST /api/task/create HTTP/1.1" 400 211 "-" "PostmanRuntime/7.56.1"
::1 - - [26/Aug/2026:02:46:57 +0000] "POST /api/task/create HTTP/1.1" 400 211 "-" "PostmanRuntime/7.56.1"
::1 - - [26/Aug/2026:02:52:01 +0000] "POST /api/task/create HTTP/1.1" 400 211 "-" "PostmanRuntime/7.56.1"
::1 - - [26/Aug/2026:02:55:01 +0000] "POST /api/user/register HTTP/1.1" 400 115 "-" "PostmanRuntime/7.56.1"
::1 - - [26/Aug/2026:02:55:27 +0000] "POST /api/task/create HTTP/1.1" 500 1247 "-" "PostmanRuntime/7.56.1"
::1 - - [26/Aug/2026:02:56:29 +0000] "POST /api/task/create HTTP/1.1" 500 1247 "-" "PostmanRuntime/7.56.1"
::1 - - [26/Aug/2026:02:57:13 +0000] "POST /api/task/create HTTP/1.1" 201 319 "-" "PostmanRuntime/7.56.1"
::1 - - [26/Aug/2026:03:00:34 +0000] "POST /api/task/create HTTP/1.1" 201 320 "-" "PostmanRuntime/7.56.1"
